15:17:11.072 [main] INFO org.springframework.test.context.support.AnnotationConfigContextLoaderUtils -- Could not detect default configuration classes for test class [com.example.orphanremoval.SalesOrderServiceTest]: SalesOrderServiceTest does not declare any static, non-private, non-final, nested classes annotated with @Configuration.
15:17:11.134 [main] INFO org.springframework.boot.test.context.SpringBootTestContextBootstrapper -- Found @SpringBootConfiguration com.example.orphanremoval.OrphanRemovalDebugApplication for test class com.example.orphanremoval.SalesOrderServiceTest

  .   ____          _            __ _ _
 /\\ / ___'_ __ _ _(_)_ __  __ _ \ \ \ \
( ( )\___ | '_ | '_| | '_ \/ _` | \ \ \ \
 \\/  ___)| |_)| | | | | || (_| |  ) ) ) )
  '  |____| .__|_| |_|_| |_\__, | / / / /
 =========|_|==============|___/=/_/_/_/

 :: Spring Boot ::               (v3.3.12)

2026-08-14T15:17:11.363Z  INFO 20666 --- [           main] c.e.orphanremoval.SalesOrderServiceTest  : Starting SalesOrderServiceTest using Java 21.0.11 with PID 20666 (started by ubuntu in /home/ubuntu/spring-jpa-orphan-removal-debug-lab)
2026-08-14T15:17:11.364Z  INFO 20666 --- [           main] c.e.orphanremoval.SalesOrderServiceTest  : No active profile set, falling back to 1 default profile: "default"
2026-08-14T15:17:11.581Z  INFO 20666 --- [           main] .s.d.r.c.RepositoryConfigurationDelegate : Bootstrapping Spring Data JPA repositories in DEFAULT mode.
2026-08-14T15:17:11.608Z  INFO 20666 --- [           main] .s.d.r.c.RepositoryConfigurationDelegate : Finished Spring Data repository scanning in 24 ms. Found 2 JPA repository interfaces.
2026-08-14T15:17:11.824Z  INFO 20666 --- [           main] o.hibernate.jpa.internal.util.LogHelper  : HHH000204: Processing PersistenceUnitInfo [name: default]
2026-08-14T15:17:11.847Z  INFO 20666 --- [           main] org.hibernate.Version                    : HHH000412: Hibernate ORM core version 6.5.3.Final
2026-08-14T15:17:11.863Z  INFO 20666 --- [           main] o.h.c.internal.RegionFactoryInitiator    : HHH000026: Second-level cache disabled
2026-08-14T15:17:12.014Z  INFO 20666 --- [           main] o.s.o.j.p.SpringPersistenceUnitInfo      : No LoadTimeWeaver setup: ignoring JPA class transformer
2026-08-14T15:17:12.030Z  INFO 20666 --- [           main] com.zaxxer.hikari.HikariDataSource       : HikariPool-1 - Starting...
2026-08-14T15:17:12.121Z  INFO 20666 --- [           main] com.zaxxer.hikari.pool.HikariPool        : HikariPool-1 - Added connection conn0: url=jdbc:h2:mem:orphanremoval user=SA
2026-08-14T15:17:12.122Z  INFO 20666 --- [           main] com.zaxxer.hikari.HikariDataSource       : HikariPool-1 - Start completed.
2026-08-14T15:17:12.578Z  INFO 20666 --- [           main] o.h.e.t.j.p.i.JtaPlatformInitiator       : HHH000489: No JTA platform available (set 'hibernate.transaction.jta.platform' to enable JTA platform integration)
Hibernate: drop table if exists sales_order_lines cascade 
Hibernate: drop table if exists sales_orders cascade 
Hibernate: create table sales_order_lines (id bigint generated by default as identity, sales_order_id bigint, product_code varchar(255), primary key (id))
Hibernate: create table sales_orders (id bigint generated by default as identity, order_number varchar(255), primary key (id))
Hibernate: alter table if exists sales_order_lines add constraint FKtgqomomuqhk8i92lc9hjr7j71 foreign key (sales_order_id) references sales_orders
2026-08-14T15:17:12.609Z  INFO 20666 --- [           main] j.LocalContainerEntityManagerFactoryBean : Initialized JPA EntityManagerFactory for persistence unit 'default'
2026-08-14T15:17:12.833Z  INFO 20666 --- [           main] c.e.orphanremoval.SalesOrderServiceTest  : Started SalesOrderServiceTest in 1.63 seconds (process running for 2.182)
OpenJDK 64-Bit Server VM warning: Sharing is only supported for boot loader classes because bootstrap classpath has been appended
WARNING: A Java agent has been loaded dynamically (/home/ubuntu/.m2/repository/net/bytebuddy/byte-buddy-agent/1.14.19/byte-buddy-agent-1.14.19.jar)
WARNING: If a serviceability tool is in use, please run with -XX:+EnableDynamicAgentLoading to hide this warning
WARNING: If a serviceability tool is not in use, please run with -Djdk.instrument.traceUsage for more information
WARNING: Dynamic loading of agents will be disallowed by default in a future release
Hibernate: insert into sales_orders (order_number,id) values (?,default)
2026-08-14T15:17:13.201Z TRACE 20666 --- [           main] org.hibernate.orm.jdbc.bind              : binding parameter (1:VARCHAR) <- [SO-001]
Hibernate: insert into sales_order_lines (product_code,sales_order_id,id) values (?,?,default)
2026-08-14T15:17:13.223Z TRACE 20666 --- [           main] org.hibernate.orm.jdbc.bind              : binding parameter (1:VARCHAR) <- [PEN]
2026-08-14T15:17:13.223Z TRACE 20666 --- [           main] org.hibernate.orm.jdbc.bind              : binding parameter (2:BIGINT) <- [1]
Hibernate: insert into sales_order_lines (product_code,sales_order_id,id) values (?,?,default)
2026-08-14T15:17:13.224Z TRACE 20666 --- [           main] org.hibernate.orm.jdbc.bind              : binding parameter (1:VARCHAR) <- [NOTE]
2026-08-14T15:17:13.224Z TRACE 20666 --- [           main] org.hibernate.orm.jdbc.bind              : binding parameter (2:BIGINT) <- [1]
2026-08-14T15:17:13.230Z  INFO 20666 --- [           main] c.e.o.order.SalesOrderService            : Created orderId=1, lineCount=2
Hibernate: select so1_0.id,so1_0.order_number from sales_orders so1_0 where so1_0.id=?
2026-08-14T15:17:13.244Z TRACE 20666 --- [           main] org.hibernate.orm.jdbc.bind              : binding parameter (1:BIGINT) <- [1]
Hibernate: select l1_0.sales_order_id,l1_0.id,l1_0.product_code from sales_order_lines l1_0 where l1_0.sales_order_id=?
2026-08-14T15:17:13.249Z TRACE 20666 --- [           main] org.hibernate.orm.jdbc.bind              : binding parameter (1:BIGINT) <- [1]
Hibernate: update sales_order_lines set product_code=?,sales_order_id=? where id=?
2026-08-14T15:17:13.255Z TRACE 20666 --- [           main] org.hibernate.orm.jdbc.bind              : binding parameter (1:VARCHAR) <- [PEN]
2026-08-14T15:17:13.256Z TRACE 20666 --- [           main] org.hibernate.orm.jdbc.bind              : binding parameter (2:BIGINT) <- [null]
2026-08-14T15:17:13.256Z TRACE 20666 --- [           main] org.hibernate.orm.jdbc.bind              : binding parameter (3:BIGINT) <- [1]
2026-08-14T15:17:13.258Z  INFO 20666 --- [           main] c.e.o.order.SalesOrderService            : Removed line from orderId=1, productCode=PEN
Hibernate: select so1_0.id,so1_0.order_number from sales_orders so1_0 where so1_0.id=?
2026-08-14T15:17:13.260Z TRACE 20666 --- [           main] org.hibernate.orm.jdbc.bind              : binding parameter (1:BIGINT) <- [1]
Hibernate: select l1_0.sales_order_id,l1_0.id,l1_0.product_code from sales_order_lines l1_0 where l1_0.sales_order_id=?
2026-08-14T15:17:13.261Z TRACE 20666 --- [           main] org.hibernate.orm.jdbc.bind              : binding parameter (1:BIGINT) <- [1]
Hibernate: select count(*) from sales_order_lines sol1_0
[[1;31mERROR[m] [1;31mTests [0;1mrun: [0;1m1[m, [1;31mFailures: [0;1;31m1[m, Errors: 0, Skipped: 0, Time elapsed: 2.516 s[1;31m <<< FAILURE![m -- in com.example.orphanremoval.[1mSalesOrderServiceTest[m
[[1;31mERROR[m] com.example.orphanremoval.SalesOrderServiceTest.親コレクションから外した注文明細はDBから削除される -- Time elapsed: 0.648 s <<< FAILURE!
org.opentest4j.MultipleFailuresError: 
Multiple Failures (1 failure)
	org.opentest4j.AssertionFailedError: 
expected: 1L
 but was: 2L
	at org.junit.jupiter.api.AssertAll.assertAll(AssertAll.java:80)
	at org.junit.jupiter.api.AssertAll.assertAll(AssertAll.java:44)
	at org.junit.jupiter.api.AssertAll.assertAll(AssertAll.java:38)
	at org.junit.jupiter.api.Assertions.assertAll(Assertions.java:2944)
	at com.example.orphanremoval.SalesOrderServiceTest.親コレクションから外した注文明細はDBから削除される(SalesOrderServiceTest.java:32)
	at java.base/java.lang.reflect.Method.invoke(Method.java:580)
	at java.base/java.util.ArrayList.forEach(ArrayList.java:1596)
	at java.base/java.util.ArrayList.forEach(ArrayList.java:1596)
	Suppressed: org.opentest4j.AssertionFailedError: 
expected: 1L
 but was: 2L
		at java.base/jdk.internal.reflect.DirectConstructorHandleAccessor.newInstance(DirectConstructorHandleAccessor.java:62)
		at java.base/java.lang.reflect.Constructor.newInstanceWithCaller(Constructor.java:502)
		at com.example.orphanremoval.SalesOrderServiceTest.lambda$親コレクションから外した注文明細はDBから削除される$1(SalesOrderServiceTest.java:34)
		at org.junit.jupiter.api.AssertAll.lambda$assertAll$0(AssertAll.java:68)
		at java.base/java.util.stream.ReferencePipeline$3$1.accept(ReferencePipeline.java:197)
		at java.base/java.util.Spliterators$ArraySpliterator.forEachRemaining(Spliterators.java:1024)
		at java.base/java.util.stream.AbstractPipeline.copyInto(AbstractPipeline.java:509)
		at java.base/java.util.stream.AbstractPipeline.wrapAndCopyInto(AbstractPipeline.java:499)
		at java.base/java.util.stream.ReduceOps$ReduceOp.evaluateSequential(ReduceOps.java:921)
		at java.base/java.util.stream.AbstractPipeline.evaluate(AbstractPipeline.java:234)
		at java.base/java.util.stream.ReferencePipeline.collect(ReferencePipeline.java:682)
		at org.junit.jupiter.api.AssertAll.assertAll(AssertAll.java:77)
		... 7 more

[[1;31mERROR[m] [1;31mFailures: [m
[[1;31mERROR[m] [1;31m  SalesOrderServiceTest.親コレクションから外した注文明細はDBから削除される:32 Multiple Failures (1 failure)
	org.opentest4j.AssertionFailedError: 
expected: 1L
 but was: 2L[m
[[1;31mERROR[m] [1;31mTests run: 1, Failures: 1, Errors: 0, Skipped: 0[m
[[1;31mERROR[m] Failed to execute goal [32morg.apache.maven.plugins:maven-surefire-plugin:3.2.5:test[m [1m(default-test)[m on project [36mspring-jpa-orphan-removal-debug-lab[m: [1;31mThere are test failures.[m
[[1;31mERROR[m] [1;31m[m
[[1;31mERROR[m] [1;31mPlease refer to /home/ubuntu/spring-jpa-orphan-removal-debug-lab/target/surefire-reports for the individual test results.[m
[[1;31mERROR[m] [1;31mPlease refer to dump files (if any exist) [date].dump, [date]-jvmRun[N].dump and [date].dumpstream.[m
[[1;31mERROR[m] -> [1m[Help 1][m
[[1;31mERROR[m] 
[[1;31mERROR[m] To see the full stack trace of the errors, re-run Maven with the [1m-e[m switch.
[[1;31mERROR[m] Re-run Maven using the [1m-X[m switch to enable full debug logging.
[[1;31mERROR[m] 
[[1;31mERROR[m] For more information about the errors and possible solutions, please read the following articles:
[[1;31mERROR[m] [1m[Help 1][m http://cwiki.apache.org/confluence/display/MAVEN/MojoFailureException
