15:20:45.880 [main] INFO org.springframework.test.context.support.AnnotationConfigContextLoaderUtils -- Could not detect default configuration classes for test class [com.example.orphanremoval.SalesOrderServiceTest]: SalesOrderServiceTest does not declare any static, non-private, non-final, nested classes annotated with @Configuration.
15:20:45.922 [main] INFO org.springframework.boot.test.context.SpringBootTestContextBootstrapper -- Found @SpringBootConfiguration com.example.orphanremoval.OrphanRemovalDebugApplication for test class com.example.orphanremoval.SalesOrderServiceTest

  .   ____          _            __ _ _
 /\\ / ___'_ __ _ _(_)_ __  __ _ \ \ \ \
( ( )\___ | '_ | '_| | '_ \/ _` | \ \ \ \
 \\/  ___)| |_)| | | | | || (_| |  ) ) ) )
  '  |____| .__|_| |_|_| |_\__, | / / / /
 =========|_|==============|___/=/_/_/_/

 :: Spring Boot ::               (v3.3.12)

2026-08-14T15:20:46.108Z  INFO 21073 --- [           main] c.e.orphanremoval.SalesOrderServiceTest  : Starting SalesOrderServiceTest using Java 21.0.11 with PID 21073 (started by ubuntu in /home/ubuntu/spring-jpa-orphan-removal-debug-lab)
2026-08-14T15:20:46.109Z  INFO 21073 --- [           main] c.e.orphanremoval.SalesOrderServiceTest  : No active profile set, falling back to 1 default profile: "default"
2026-08-14T15:20:46.271Z  INFO 21073 --- [           main] .s.d.r.c.RepositoryConfigurationDelegate : Bootstrapping Spring Data JPA repositories in DEFAULT mode.
2026-08-14T15:20:46.293Z  INFO 21073 --- [           main] .s.d.r.c.RepositoryConfigurationDelegate : Finished Spring Data repository scanning in 18 ms. Found 2 JPA repository interfaces.
2026-08-14T15:20:46.471Z  INFO 21073 --- [           main] o.hibernate.jpa.internal.util.LogHelper  : HHH000204: Processing PersistenceUnitInfo [name: default]
2026-08-14T15:20:46.491Z  INFO 21073 --- [           main] org.hibernate.Version                    : HHH000412: Hibernate ORM core version 6.5.3.Final
2026-08-14T15:20:46.505Z  INFO 21073 --- [           main] o.h.c.internal.RegionFactoryInitiator    : HHH000026: Second-level cache disabled
2026-08-14T15:20:46.628Z  INFO 21073 --- [           main] o.s.o.j.p.SpringPersistenceUnitInfo      : No LoadTimeWeaver setup: ignoring JPA class transformer
2026-08-14T15:20:46.639Z  INFO 21073 --- [           main] com.zaxxer.hikari.HikariDataSource       : HikariPool-1 - Starting...
2026-08-14T15:20:46.721Z  INFO 21073 --- [           main] com.zaxxer.hikari.pool.HikariPool        : HikariPool-1 - Added connection conn0: url=jdbc:h2:mem:orphanremoval user=SA
2026-08-14T15:20:46.722Z  INFO 21073 --- [           main] com.zaxxer.hikari.HikariDataSource       : HikariPool-1 - Start completed.
2026-08-14T15:20:47.145Z  INFO 21073 --- [           main] o.h.e.t.j.p.i.JtaPlatformInitiator       : HHH000489: No JTA platform available (set 'hibernate.transaction.jta.platform' to enable JTA platform integration)
Hibernate: drop table if exists sales_order_lines cascade 
Hibernate: drop table if exists sales_orders cascade 
Hibernate: create table sales_order_lines (id bigint generated by default as identity, sales_order_id bigint, product_code varchar(255), primary key (id))
Hibernate: create table sales_orders (id bigint generated by default as identity, order_number varchar(255), primary key (id))
Hibernate: alter table if exists sales_order_lines add constraint FKtgqomomuqhk8i92lc9hjr7j71 foreign key (sales_order_id) references sales_orders
2026-08-14T15:20:47.166Z  INFO 21073 --- [           main] j.LocalContainerEntityManagerFactoryBean : Initialized JPA EntityManagerFactory for persistence unit 'default'
2026-08-14T15:20:47.359Z  INFO 21073 --- [           main] c.e.orphanremoval.SalesOrderServiceTest  : Started SalesOrderServiceTest in 1.384 seconds (process running for 1.821)
WARNING: A Java agent has been loaded dynamically (/home/ubuntu/.m2/repository/net/bytebuddy/byte-buddy-agent/1.14.19/byte-buddy-agent-1.14.19.jar)
WARNING: If a serviceability tool is in use, please run with -XX:+EnableDynamicAgentLoading to hide this warning
WARNING: If a serviceability tool is not in use, please run with -Djdk.instrument.traceUsage for more information
WARNING: Dynamic loading of agents will be disallowed by default in a future release
OpenJDK 64-Bit Server VM warning: Sharing is only supported for boot loader classes because bootstrap classpath has been appended
Hibernate: insert into sales_orders (order_number,id) values (?,default)
2026-08-14T15:20:47.651Z TRACE 21073 --- [           main] org.hibernate.orm.jdbc.bind              : binding parameter (1:VARCHAR) <- [SO-001]
Hibernate: insert into sales_order_lines (product_code,sales_order_id,id) values (?,?,default)
2026-08-14T15:20:47.667Z TRACE 21073 --- [           main] org.hibernate.orm.jdbc.bind              : binding parameter (1:VARCHAR) <- [PEN]
2026-08-14T15:20:47.668Z TRACE 21073 --- [           main] org.hibernate.orm.jdbc.bind              : binding parameter (2:BIGINT) <- [1]
Hibernate: insert into sales_order_lines (product_code,sales_order_id,id) values (?,?,default)
2026-08-14T15:20:47.668Z TRACE 21073 --- [           main] org.hibernate.orm.jdbc.bind              : binding parameter (1:VARCHAR) <- [NOTE]
2026-08-14T15:20:47.669Z TRACE 21073 --- [           main] org.hibernate.orm.jdbc.bind              : binding parameter (2:BIGINT) <- [1]
2026-08-14T15:20:47.673Z  INFO 21073 --- [           main] c.e.o.order.SalesOrderService            : Created orderId=1, lineCount=2
Hibernate: select so1_0.id,so1_0.order_number from sales_orders so1_0 where so1_0.id=?
2026-08-14T15:20:47.688Z TRACE 21073 --- [           main] org.hibernate.orm.jdbc.bind              : binding parameter (1:BIGINT) <- [1]
Hibernate: select l1_0.sales_order_id,l1_0.id,l1_0.product_code from sales_order_lines l1_0 where l1_0.sales_order_id=?
2026-08-14T15:20:47.693Z TRACE 21073 --- [           main] org.hibernate.orm.jdbc.bind              : binding parameter (1:BIGINT) <- [1]
Hibernate: delete from sales_order_lines where id=?
2026-08-14T15:20:47.697Z TRACE 21073 --- [           main] org.hibernate.orm.jdbc.bind              : binding parameter (1:BIGINT) <- [1]
2026-08-14T15:20:47.699Z  INFO 21073 --- [           main] c.e.o.order.SalesOrderService            : Removed line from orderId=1, productCode=PEN
Hibernate: select so1_0.id,so1_0.order_number from sales_orders so1_0 where so1_0.id=?
2026-08-14T15:20:47.700Z TRACE 21073 --- [           main] org.hibernate.orm.jdbc.bind              : binding parameter (1:BIGINT) <- [1]
Hibernate: select l1_0.sales_order_id,l1_0.id,l1_0.product_code from sales_order_lines l1_0 where l1_0.sales_order_id=?
2026-08-14T15:20:47.701Z TRACE 21073 --- [           main] org.hibernate.orm.jdbc.bind              : binding parameter (1:BIGINT) <- [1]
Hibernate: select count(*) from sales_order_lines sol1_0
